------------ ------ ------------
Name         Type   Line Numbers
------------ ------ -------------
prog         undef     1 
a            undef     2 
b            undef     3 
c            undef     4 
